exports[`test gets the full name (by generated snapshot) 1`] = `
Array [
  Object {
    "action": Object {
      "type": "LoadStart"
    },
    "type": "Dispatch"
  },
  Object {
    "effect": Object {
      "type": "HttpRequest",
      "url": "http://swapi.co/api/people/1/"
    },
    "result": "{\"name\":\"Luke Skywalker\"}",
    "type": "Effect"
  },
  Object {
    "action": Object {
      "fullName": "Luke Skywalker",
      "type": "LoadSuccess"
    },
    "type": "Dispatch"
  }
]
`;
